Thu Nov 13 2025 22:56:34 GMT+0530 (India Standard Time) - INFO: Processing transaction batch #5821.
Thu Nov 13 2025 22:56:36 GMT+0530 (India Standard Time) - INFO: User authenticated successfully. UserID: usr_12345
Thu Nov 13 2025 22:56:38 GMT+0530 (India Standard Time) - ERROR: Failed to connect to external API: service timeout.
Thu Nov 13 2025 22:56:39 GMT+0530 (India Standard Time) - INFO: Processing transaction batch #5821.
Thu Nov 13 2025 22:56:41 GMT+0530 (India Standard Time) - ERROR: Failed to connect to external API: service timeout.
Thu Nov 13 2025 22:56:43 GMT+0530 (India Standard Time) - INFO: Database connection established.
Thu Nov 13 2025 22:56:45 GMT+0530 (India Standard Time) - ERROR: Failed to connect to external API: service timeout.
Thu Nov 13 2025 22:56:47 GMT+0530 (India Standard Time) - INFO: Database connection established.
Thu Nov 13 2025 22:56:49 GMT+0530 (India Standard Time) - INFO: Database connection established.
Thu Nov 13 2025 22:56:51 GMT+0530 (India Standard Time) - INFO: Cache cleared successfully.
Thu Nov 13 2025 22:56:53 GMT+0530 (India Standard Time) - WARN: High memory usage detected: 92%.
Thu Nov 13 2025 22:56:55 GMT+0530 (India Standard Time) - INFO: Database connection established.
Thu Nov 13 2025 22:56:57 GMT+0530 (India Standard Time) - INFO: Processing transaction batch #5821.
Thu Nov 13 2025 22:56:58 GMT+0530 (India Standard Time) - WARN: High memory usage detected: 92%.
Thu Nov 13 2025 22:57:00 GMT+0530 (India Standard Time) - INFO: Database connection established.
Thu Nov 13 2025 22:57:02 GMT+0530 (India Standard Time) - WARN: High memory usage detected: 92%.
Thu Nov 13 2025 22:57:04 GMT+0530 (India Standard Time) - INFO: User authenticated successfully. UserID: usr_12345
Thu Nov 13 2025 22:57:06 GMT+0530 (India Standard Time) - INFO: User authenticated successfully. UserID: usr_12345
Thu Nov 13 2025 22:57:08 GMT+0530 (India Standard Time) - INFO: Processing transaction batch #5821.
Thu Nov 13 2025 22:57:10 GMT+0530 (India Standard Time) - INFO: Processing transaction batch #5821.
Thu Nov 13 2025 22:57:12 GMT+0530 (India Standard Time) - INFO: Cache cleared successfully.
Thu Nov 13 2025 22:57:14 GMT+0530 (India Standard Time) - INFO: Processing transaction batch #5821.
Thu Nov 13 2025 22:57:16 GMT+0530 (India Standard Time) - INFO: Database connection established.
Thu Nov 13 2025 22:57:17 GMT+0530 (India Standard Time) - INFO: Database connection established.
Thu Nov 13 2025 22:57:19 GMT+0530 (India Standard Time) - INFO: User authenticated successfully. UserID: usr_12345
Thu Nov 13 2025 22:57:21 GMT+0530 (India Standard Time) - ERROR: Failed to connect to external API: service timeout.
Thu Nov 13 2025 22:57:23 GMT+0530 (India Standard Time) - ERROR: Failed to connect to external API: service timeout.
Thu Nov 13 2025 22:57:25 GMT+0530 (India Standard Time) - DEBUG: Request received on /api/v1/data.
Thu Nov 13 2025 22:57:27 GMT+0530 (India Standard Time) - ERROR: Failed to connect to external API: service timeout.
Thu Nov 13 2025 22:57:29 GMT+0530 (India Standard Time) - INFO: User authenticated successfully. UserID: usr_12345
Thu Nov 13 2025 22:57:31 GMT+0530 (India Standard Time) - INFO: Database connection established.
Thu Nov 13 2025 22:57:33 GMT+0530 (India Standard Time) - INFO: Cache cleared successfully.
Thu Nov 13 2025 22:57:35 GMT+0530 (India Standard Time) - DEBUG: Request received on /api/v1/data.
Thu Nov 13 2025 22:57:36 GMT+0530 (India Standard Time) - INFO: User authenticated successfully. UserID: usr_12345
Thu Nov 13 2025 22:57:38 GMT+0530 (India Standard Time) - INFO: Processing transaction batch #5821.
Thu Nov 13 2025 22:57:40 GMT+0530 (India Standard Time) - INFO: Cache cleared successfully.
Thu Nov 13 2025 22:57:42 GMT+0530 (India Standard Time) - DEBUG: Request received on /api/v1/data.
Thu Nov 13 2025 22:57:44 GMT+0530 (India Standard Time) - ERROR: Failed to connect to external API: service timeout.
Thu Nov 13 2025 22:57:46 GMT+0530 (India Standard Time) - INFO: Database connection established.
Thu Nov 13 2025 22:57:48 GMT+0530 (India Standard Time) - ERROR: Failed to connect to external API: service timeout.
Thu Nov 13 2025 22:57:50 GMT+0530 (India Standard Time) - DEBUG: Request received on /api/v1/data.
Thu Nov 13 2025 22:57:52 GMT+0530 (India Standard Time) - WARN: High memory usage detected: 92%.
Thu Nov 13 2025 22:57:54 GMT+0530 (India Standard Time) - WARN: High memory usage detected: 92%.
Thu Nov 13 2025 22:57:55 GMT+0530 (India Standard Time) - INFO: User authenticated successfully. UserID: usr_12345
Thu Nov 13 2025 22:57:57 GMT+0530 (India Standard Time) - INFO: User authenticated successfully. UserID: usr_12345
Thu Nov 13 2025 22:57:59 GMT+0530 (India Standard Time) - DEBUG: Request received on /api/v1/data.
Thu Nov 13 2025 22:58:01 GMT+0530 (India Standard Time) - INFO: User authenticated successfully. UserID: usr_12345
Thu Nov 13 2025 22:58:03 GMT+0530 (India Standard Time) - ERROR: Failed to connect to external API: service timeout.
Thu Nov 13 2025 22:58:05 GMT+0530 (India Standard Time) - INFO: Cache cleared successfully.
Thu Nov 13 2025 22:58:07 GMT+0530 (India Standard Time) - INFO: Processing transaction batch #5821.
Thu Nov 13 2025 22:58:09 GMT+0530 (India Standard Time) - INFO: Database connection established.
Thu Nov 13 2025 22:58:11 GMT+0530 (India Standard Time) - ERROR: Failed to connect to external API: service timeout.
Thu Nov 13 2025 22:58:13 GMT+0530 (India Standard Time) - WARN: High memory usage detected: 92%.
Thu Nov 13 2025 22:58:14 GMT+0530 (India Standard Time) - ERROR: Failed to connect to external API: service timeout.
Thu Nov 13 2025 22:58:16 GMT+0530 (India Standard Time) - INFO: Processing transaction batch #5821.
Thu Nov 13 2025 22:58:18 GMT+0530 (India Standard Time) - INFO: User authenticated successfully. UserID: usr_12345
Thu Nov 13 2025 22:58:20 GMT+0530 (India Standard Time) - INFO: User authenticated successfully. UserID: usr_12345
Thu Nov 13 2025 22:58:22 GMT+0530 (India Standard Time) - INFO: User authenticated successfully. UserID: usr_12345
Thu Nov 13 2025 22:58:24 GMT+0530 (India Standard Time) - INFO: Processing transaction batch #5821.
Thu Nov 13 2025 22:58:26 GMT+0530 (India Standard Time) - WARN: High memory usage detected: 92%.
Thu Nov 13 2025 22:58:28 GMT+0530 (India Standard Time) - WARN: High memory usage detected: 92%.
Thu Nov 13 2025 22:58:30 GMT+0530 (India Standard Time) - ERROR: Failed to connect to external API: service timeout.
Thu Nov 13 2025 22:58:32 GMT+0530 (India Standard Time) - INFO: Cache cleared successfully.
Thu Nov 13 2025 22:58:34 GMT+0530 (India Standard Time) - INFO: Processing transaction batch #5821.
Thu Nov 13 2025 22:58:35 GMT+0530 (India Standard Time) - DEBUG: Request received on /api/v1/data.
Thu Nov 13 2025 22:58:37 GMT+0530 (India Standard Time) - INFO: User authenticated successfully. UserID: usr_12345
Thu Nov 13 2025 22:58:39 GMT+0530 (India Standard Time) - INFO: User authenticated successfully. UserID: usr_12345
Thu Nov 13 2025 22:58:41 GMT+0530 (India Standard Time) - WARN: High memory usage detected: 92%.
Thu Nov 13 2025 22:58:43 GMT+0530 (India Standard Time) - INFO: User authenticated successfully. UserID: usr_12345
Thu Nov 13 2025 22:58:45 GMT+0530 (India Standard Time) - INFO: Processing transaction batch #5821.
Thu Nov 13 2025 22:58:47 GMT+0530 (India Standard Time) - INFO: Processing transaction batch #5821.
Thu Nov 13 2025 22:58:49 GMT+0530 (India Standard Time) - INFO: Database connection established.
Thu Nov 13 2025 22:58:51 GMT+0530 (India Standard Time) - DEBUG: Request received on /api/v1/data.
Thu Nov 13 2025 22:58:53 GMT+0530 (India Standard Time) - WARN: High memory usage detected: 92%.
Thu Nov 13 2025 22:58:54 GMT+0530 (India Standard Time) - INFO: Processing transaction batch #5821.
Thu Nov 13 2025 22:58:56 GMT+0530 (India Standard Time) - DEBUG: Request received on /api/v1/data.
Thu Nov 13 2025 22:58:58 GMT+0530 (India Standard Time) - INFO: Processing transaction batch #5821.
Thu Nov 13 2025 22:59:00 GMT+0530 (India Standard Time) - INFO: Database connection established.
Thu Nov 13 2025 22:59:02 GMT+0530 (India Standard Time) - INFO: Cache cleared successfully.
Thu Nov 13 2025 22:59:04 GMT+0530 (India Standard Time) - INFO: User authenticated successfully. UserID: usr_12345
Thu Nov 13 2025 22:59:06 GMT+0530 (India Standard Time) - INFO: Database connection established.
Thu Nov 13 2025 22:59:08 GMT+0530 (India Standard Time) - ERROR: Failed to connect to external API: service timeout.
Thu Nov 13 2025 22:59:10 GMT+0530 (India Standard Time) - INFO: User authenticated successfully. UserID: usr_12345
Thu Nov 13 2025 22:59:12 GMT+0530 (India Standard Time) - WARN: High memory usage detected: 92%.
Thu Nov 13 2025 22:59:13 GMT+0530 (India Standard Time) - DEBUG: Request received on /api/v1/data.
Thu Nov 13 2025 22:59:15 GMT+0530 (India Standard Time) - INFO: Cache cleared successfully.
Thu Nov 13 2025 22:59:17 GMT+0530 (India Standard Time) - INFO: Database connection established.
Thu Nov 13 2025 22:59:19 GMT+0530 (India Standard Time) - INFO: Processing transaction batch #5821.
Thu Nov 13 2025 22:59:21 GMT+0530 (India Standard Time) - WARN: High memory usage detected: 92%.
Thu Nov 13 2025 22:59:23 GMT+0530 (India Standard Time) - ERROR: Failed to connect to external API: service timeout.
Thu Nov 13 2025 22:59:25 GMT+0530 (India Standard Time) - INFO: User authenticated successfully. UserID: usr_12345
Thu Nov 13 2025 22:59:27 GMT+0530 (India Standard Time) - INFO: Database connection established.
Thu Nov 13 2025 22:59:29 GMT+0530 (India Standard Time) - INFO: Database connection established.
Thu Nov 13 2025 22:59:31 GMT+0530 (India Standard Time) - ERROR: Failed to connect to external API: service timeout.
Thu Nov 13 2025 22:59:32 GMT+0530 (India Standard Time) - DEBUG: Request received on /api/v1/data.
Thu Nov 13 2025 22:59:34 GMT+0530 (India Standard Time) - INFO: User authenticated successfully. UserID: usr_12345
Thu Nov 13 2025 22:59:36 GMT+0530 (India Standard Time) - INFO: Processing transaction batch #5821.
Thu Nov 13 2025 22:59:38 GMT+0530 (India Standard Time) - WARN: High memory usage detected: 92%.
Thu Nov 13 2025 22:59:40 GMT+0530 (India Standard Time) - INFO: Cache cleared successfully.
Thu Nov 13 2025 22:59:42 GMT+0530 (India Standard Time) - INFO: Database connection established.
Thu Nov 13 2025 22:59:44 GMT+0530 (India Standard Time) - INFO: Database connection established.
